2026-10-08 16:09:23 | 阶段 | crop · 正在识别并切分习题… · 2%
2026-10-08 16:09:23 | 提示 | crop · 正在识别文档结构…
2026-10-08 16:09:24 | 请求 | 题- [书籍嗅探] 已发出（第 1/3 次，思考预算 8000）
2026-10-08 16:09:35 | 返回 | 题- [书籍嗅探] 用时 12s · 输入 839 / 输出 450 / 思考 265
2026-10-08 16:09:35 | 提示 | crop · 按导入文件的习题页范围 OCR 扫描 52 页…
2026-10-08 16:10:30 | 提示 | crop · OCR 扫描页面 5/52（扫描版整本书要几分钟到几十分钟，可以先做别的）
2026-10-08 16:10:48 | 提示 | crop · OCR 扫描页面 10/52（扫描版整本书要几分钟到几十分钟，可以先做别的）
2026-10-08 16:12:45 | 提示 | crop · OCR 扫描页面 15/52（扫描版整本书要几分钟到几十分钟，可以先做别的）
2026-10-08 16:13:01 | 提示 | crop · 阶段A 完成：发现 13 个习题标题页 [32, 33, 67, 68, 97, 117, 118, 136, 137, 166, 196, 217, 246]
2026-10-08 16:13:50 | 提示 | crop · 共识别到 94 个题号锚点
2026-10-08 16:14:02 | 提示 | crop · 1 张切片的内容贴到左右边缘，余量放宽到 116px 后重切
2026-10-08 16:14:08 | 请求 | 题- [裁切判定] 已发出（第 1/3 次，思考预算 8000）
2026-10-08 16:14:14 | 返回 | 题- [裁切判定] 用时 6s · 输入 575 / 输出 13 / 思考 140
2026-10-08 16:14:14 | 请求 | 题- [裁切判定] 已发出（第 1/3 次，思考预算 8000）
2026-10-08 16:14:17 | 返回 | 题- [裁切判定] 用时 3s · 输入 609 / 输出 13 / 思考 139
2026-10-08 16:14:17 | 请求 | 题- [裁切判定] 已发出（第 1/3 次，思考预算 8000）
2026-10-08 16:14:21 | 返回 | 题- [裁切判定] 用时 4s · 输入 651 / 输出 13 / 思考 175
2026-10-08 16:14:21 | 请求 | 题- [裁切判定] 已发出（第 1/3 次，思考预算 8000）
2026-10-08 16:14:25 | 返回 | 题- [裁切判定] 用时 4s · 输入 632 / 输出 30 / 思考 138
2026-10-08 16:14:25 | 提示 | crop · 已导入题干 94/94 题
2026-10-08 16:14:25 | 阶段 | text · 正在整理题干（导入的直接使用，没导入的看图转写，并按原图对齐排版）… · 12%
2026-10-08 16:14:26 | 阶段 | done · 切题完成：共 94 题；题干导入 94 题。请在左侧逐题检查切片，确认后点“开始解题” · 100%
2026-10-08 16:14:26 | 阶段 | done · 切题完成：共 94 题；题干导入 94 题。请在左侧逐题检查切片，确认后点“开始解题” · 100%
2026-10-08 16:22:56 | 阶段 | crop · 正在识别并切分习题… · 2%
2026-10-08 16:22:56 | 提示 | crop · 按导入文件的习题页范围 OCR 扫描 52 页…
2026-10-08 16:23:10 | 提示 | crop · 共识别到 182 个题号锚点
2026-10-08 16:23:26 | 提示 | crop · 1 张切片的内容贴到左右边缘，余量放宽到 116px 后重切
2026-10-08 16:23:32 | 请求 | 题- [裁切判定] 已发出（第 1/3 次，思考预算 8000）
2026-10-08 16:23:37 | 返回 | 题- [裁切判定] 用时 5s · 输入 580 / 输出 13 / 思考 137
2026-10-08 16:23:37 | 请求 | 题- [裁切判定] 已发出（第 1/3 次，思考预算 8000）
2026-10-08 16:23:40 | 返回 | 题- [裁切判定] 用时 3s · 输入 644 / 输出 13 / 思考 148
2026-10-08 16:23:40 | 请求 | 题- [裁切判定] 已发出（第 1/3 次，思考预算 8000）
2026-10-08 16:23:45 | 返回 | 题- [裁切判定] 用时 4s · 输入 651 / 输出 13 / 思考 246
2026-10-08 16:23:45 | 请求 | 题- [裁切判定] 已发出（第 1/3 次，思考预算 8000）
2026-10-08 16:23:52 | 返回 | 题- [裁切判定] 用时 8s · 输入 656 / 输出 29 / 思考 295
2026-10-08 16:23:52 | 提示 | crop · 已导入题干 182/182 题
2026-10-08 16:23:53 | 阶段 | text · 正在整理题干（导入的直接使用，没导入的看图转写，并按原图对齐排版）… · 12%
2026-10-08 16:23:53 | 阶段 | done · 切题完成：共 182 题；题干导入 182 题。请在左侧逐题检查切片，确认后点“开始解题” · 100%
2026-10-08 16:23:53 | 阶段 | done · 切题完成：共 182 题；题干导入 182 题。请在左侧逐题检查切片，确认后点“开始解题” · 100%
