2026-10-08 18:15:41 | 阶段 | crop · 正在识别并切分习题… · 2%
2026-10-08 18:15:41 | 提示 | crop · 正在识别文档结构…
2026-10-08 18:15:43 | 请求 | 题- [书籍嗅探] 已发出（第 1/3 次，思考预算 8000）
2026-10-08 18:15:58 | 返回 | 题- [书籍嗅探] 用时 15s · 输入 853 / 输出 398 / 思考 276
2026-10-08 18:15:58 | 提示 | crop · 正在看目录定位习题页（一次模型调用，约 1 分钟）…
2026-10-08 18:16:03 | 请求 | 题- [习题页定位] 已发出（第 1/3 次，思考预算 4096）
2026-10-08 18:18:01 | 返回 | 题- [习题页定位] 用时 117s · 输入 38155 / 输出 582 / 思考 1226
2026-10-08 18:18:01 | 提示 | crop · 正在 OCR 扫描全书页面…
2026-10-08 18:18:37 | 提示 | crop · OCR 扫描页面 5/324（扫描版整本书要几分钟到几十分钟，可以先做别的）
2026-10-08 18:19:03 | 提示 | crop · OCR 扫描页面 15/324（扫描版整本书要几分钟到几十分钟，可以先做别的）
2026-10-08 18:19:18 | 提示 | crop · OCR 扫描页面 25/324（扫描版整本书要几分钟到几十分钟，可以先做别的）
2026-10-08 18:19:29 | 提示 | crop · OCR 扫描页面 30/324（扫描版整本书要几分钟到几十分钟，可以先做别的）
2026-10-08 18:19:42 | 提示 | crop · OCR 扫描页面 35/324（扫描版整本书要几分钟到几十分钟，可以先做别的）
2026-10-08 18:20:00 | 提示 | crop · OCR 扫描页面 40/324（扫描版整本书要几分钟到几十分钟，可以先做别的）
2026-10-08 18:20:21 | 提示 | crop · OCR 扫描页面 50/324（扫描版整本书要几分钟到几十分钟，可以先做别的）
2026-10-08 18:20:36 | 提示 | crop · OCR 扫描页面 55/324（扫描版整本书要几分钟到几十分钟，可以先做别的）
2026-10-08 18:20:50 | 提示 | crop · OCR 扫描页面 60/324（扫描版整本书要几分钟到几十分钟，可以先做别的）
2026-10-08 18:21:08 | 提示 | crop · OCR 扫描页面 65/324（扫描版整本书要几分钟到几十分钟，可以先做别的）
2026-10-08 18:21:35 | 提示 | crop · OCR 扫描页面 80/324（扫描版整本书要几分钟到几十分钟，可以先做别的）
2026-10-08 18:21:45 | 提示 | crop · OCR 扫描页面 85/324（扫描版整本书要几分钟到几十分钟，可以先做别的）
2026-10-08 18:22:01 | 提示 | crop · OCR 扫描页面 90/324（扫描版整本书要几分钟到几十分钟，可以先做别的）
2026-10-08 18:22:13 | 提示 | crop · OCR 扫描页面 95/324（扫描版整本书要几分钟到几十分钟，可以先做别的）
2026-10-08 18:22:51 | 提示 | crop · OCR 扫描页面 105/324（扫描版整本书要几分钟到几十分钟，可以先做别的）
2026-10-08 18:23:25 | 提示 | crop · OCR 扫描页面 115/324（扫描版整本书要几分钟到几十分钟，可以先做别的）
2026-10-08 18:23:47 | 提示 | crop · OCR 扫描页面 125/324（扫描版整本书要几分钟到几十分钟，可以先做别的）
2026-10-08 18:24:11 | 提示 | crop · OCR 扫描页面 130/324（扫描版整本书要几分钟到几十分钟，可以先做别的）
2026-10-08 18:24:24 | 提示 | crop · OCR 扫描页面 135/324（扫描版整本书要几分钟到几十分钟，可以先做别的）
2026-10-08 18:25:13 | 提示 | crop · OCR 扫描页面 140/324（扫描版整本书要几分钟到几十分钟，可以先做别的）
2026-10-08 18:25:53 | 提示 | crop · OCR 扫描页面 155/324（扫描版整本书要几分钟到几十分钟，可以先做别的）
2026-10-08 18:26:13 | 提示 | crop · OCR 扫描页面 160/324（扫描版整本书要几分钟到几十分钟，可以先做别的）
2026-10-08 18:26:37 | 提示 | crop · OCR 扫描页面 170/324（扫描版整本书要几分钟到几十分钟，可以先做别的）
2026-10-08 18:26:54 | 提示 | crop · OCR 扫描页面 175/324（扫描版整本书要几分钟到几十分钟，可以先做别的）
2026-10-08 18:27:22 | 提示 | crop · OCR 扫描页面 180/324（扫描版整本书要几分钟到几十分钟，可以先做别的）
2026-10-08 18:27:51 | 提示 | crop · OCR 扫描页面 190/324（扫描版整本书要几分钟到几十分钟，可以先做别的）
2026-10-08 18:28:11 | 提示 | crop · OCR 扫描页面 200/324（扫描版整本书要几分钟到几十分钟，可以先做别的）
2026-10-08 18:28:48 | 提示 | crop · OCR 扫描页面 205/324（扫描版整本书要几分钟到几十分钟，可以先做别的）
2026-10-08 18:29:44 | 提示 | crop · OCR 扫描页面 210/324（扫描版整本书要几分钟到几十分钟，可以先做别的）
2026-10-08 18:29:59 | 提示 | crop · OCR 扫描页面 225/324（扫描版整本书要几分钟到几十分钟，可以先做别的）
2026-10-08 18:30:12 | 提示 | crop · OCR 扫描页面 230/324（扫描版整本书要几分钟到几十分钟，可以先做别的）
2026-10-08 18:30:49 | 提示 | crop · OCR 扫描页面 235/324（扫描版整本书要几分钟到几十分钟，可以先做别的）
2026-10-08 18:31:35 | 提示 | crop · OCR 扫描页面 240/324（扫描版整本书要几分钟到几十分钟，可以先做别的）
2026-10-08 18:31:52 | 提示 | crop · OCR 扫描页面 250/324（扫描版整本书要几分钟到几十分钟，可以先做别的）
2026-10-08 18:32:22 | 提示 | crop · OCR 扫描页面 260/324（扫描版整本书要几分钟到几十分钟，可以先做别的）
2026-10-08 18:32:36 | 提示 | crop · OCR 扫描页面 270/324（扫描版整本书要几分钟到几十分钟，可以先做别的）
2026-10-08 18:32:57 | 提示 | crop · OCR 扫描页面 275/324（扫描版整本书要几分钟到几十分钟，可以先做别的）
2026-10-08 18:33:21 | 提示 | crop · OCR 扫描页面 280/324（扫描版整本书要几分钟到几十分钟，可以先做别的）
2026-10-08 18:33:41 | 提示 | crop · OCR 扫描页面 285/324（扫描版整本书要几分钟到几十分钟，可以先做别的）
2026-10-08 18:33:54 | 提示 | crop · OCR 扫描页面 290/324（扫描版整本书要几分钟到几十分钟，可以先做别的）
2026-10-08 18:34:13 | 提示 | crop · OCR 扫描页面 295/324（扫描版整本书要几分钟到几十分钟，可以先做别的）
2026-10-08 18:34:30 | 提示 | crop · OCR 扫描页面 300/324（扫描版整本书要几分钟到几十分钟，可以先做别的）
2026-10-08 18:34:53 | 提示 | crop · OCR 扫描页面 305/324（扫描版整本书要几分钟到几十分钟，可以先做别的）
2026-10-08 18:35:06 | 提示 | crop · OCR 扫描页面 315/324（扫描版整本书要几分钟到几十分钟，可以先做别的）
2026-10-08 18:35:35 | 提示 | crop · 页眉判定：有页眉（抽样 38 页）
2026-10-08 18:36:13 | 提示 | crop · 漏号补识别：找回 ['2.22', '5.21', '7.12']
2026-10-08 18:36:26 | 提示 | crop · 1 张切片的内容贴到左右边缘，余量放宽到 76px 后重切
2026-10-08 18:36:38 | 请求 | 题- [裁切判定] 已发出（第 1/3 次，思考预算 8000）
2026-10-08 18:36:49 | 返回 | 题- [裁切判定] 用时 11s · 输入 645 / 输出 13 / 思考 80
2026-10-08 18:36:49 | 请求 | 题- [裁切判定] 已发出（第 1/3 次，思考预算 8000）
2026-10-08 18:36:54 | 返回 | 题- [裁切判定] 用时 4s · 输入 623 / 输出 13 / 思考 230
2026-10-08 18:36:54 | 请求 | 题- [裁切判定] 已发出（第 1/3 次，思考预算 8000）
2026-10-08 18:37:00 | 返回 | 题- [裁切判定] 用时 6s · 输入 645 / 输出 46 / 思考 374
2026-10-08 18:37:00 | 请求 | 题- [裁切判定] 已发出（第 1/3 次，思考预算 8000）
2026-10-08 18:37:09 | 返回 | 题- [裁切判定] 用时 8s · 输入 637 / 输出 54 / 思考 417
2026-10-08 18:37:09 | 阶段 | text · 正在整理题干（导入的直接使用，没导入的看图转写，并按原图对齐排版）… · 12%
2026-10-08 18:37:09 | 请求 | 题1.1 [题干转写] 已发出（第 1/4 次，思考预算 2048）
2026-10-08 18:37:09 | 请求 | 题1.2 [题干转写] 已发出（第 1/4 次，思考预算 2048）
2026-10-08 18:37:09 | 请求 | 题1.4 [题干转写] 已发出（第 1/4 次，思考预算 2048）
2026-10-08 18:37:09 | 请求 | 题1.3 [题干转写] 已发出（第 1/4 次，思考预算 2048）
2026-10-08 18:37:09 | 请求 | 题1.5 [题干转写] 已发出（第 1/4 次，思考预算 2048）
2026-10-08 18:37:09 | 请求 | 题2.1 [题干转写] 已发出（第 1/4 次，思考预算 2048）
2026-10-08 18:37:09 | 请求 | 题2.2 [题干转写] 已发出（第 1/4 次，思考预算 2048）
2026-10-08 18:37:09 | 请求 | 题2.3 [题干转写] 已发出（第 1/4 次，思考预算 2048）
2026-10-08 18:37:09 | 请求 | 题2.5 [题干转写] 已发出（第 1/4 次，思考预算 2048）
2026-10-08 18:37:09 | 请求 | 题2.4 [题干转写] 已发出（第 1/4 次，思考预算 2048）
2026-10-08 18:37:09 | 请求 | 题2.7 [题干转写] 已发出（第 1/4 次，思考预算 2048）
2026-10-08 18:37:09 | 请求 | 题2.6 [题干转写] 已发出（第 1/4 次，思考预算 2048）
2026-10-08 18:37:09 | 请求 | 题2.9 [题干转写] 已发出（第 1/4 次，思考预算 2048）
2026-10-08 18:37:09 | 请求 | 题2.8 [题干转写] 已发出（第 1/4 次，思考预算 2048）
2026-10-08 18:37:09 | 请求 | 题2.12 [题干转写] 已发出（第 1/4 次，思考预算 2048）
2026-10-08 18:37:09 | 请求 | 题2.11 [题干转写] 已发出（第 1/4 次，思考预算 2048）
2026-10-08 18:37:09 | 请求 | 题2.13 [题干转写] 已发出（第 1/4 次，思考预算 2048）
2026-10-08 18:37:09 | 请求 | 题2.10 [题干转写] 已发出（第 1/4 次，思考预算 2048）
2026-10-08 18:37:09 | 请求 | 题2.14 [题干转写] 已发出（第 1/4 次，思考预算 2048）
2026-10-08 18:37:09 | 请求 | 题2.15 [题干转写] 已发出（第 1/4 次，思考预算 2048）
2026-10-08 18:37:15 | 返回 | 题2.14 [题干转写] 用时 6s · 输入 1407 / 输出 134 / 思考 0
2026-10-08 18:37:15 | 请求 | 题2.14 [检验核对] 已发出（第 1/4 次，思考预算 4096）
2026-10-08 18:37:15 | 返回 | 题2.15 [题干转写] 用时 6s · 输入 1399 / 输出 171 / 思考 0
2026-10-08 18:37:15 | 请求 | 题2.15 [检验核对] 已发出（第 1/4 次，思考预算 4096）
2026-10-08 18:37:15 | 返回 | 题2.2 [题干转写] 用时 6s · 输入 1440 / 输出 227 / 思考 0
2026-10-08 18:37:15 | 请求 | 题2.2 [检验核对] 已发出（第 1/4 次，思考预算 4096）
2026-10-08 18:37:16 | 返回 | 题2.10 [题干转写] 用时 7s · 输入 1437 / 输出 115 / 思考 0
2026-10-08 18:37:16 | 请求 | 题2.10 [检验核对] 已发出（第 1/4 次，思考预算 4096）
2026-10-08 18:37:17 | 返回 | 题1.1 [题干转写] 用时 8s · 输入 1291 / 输出 22 / 思考 0
2026-10-08 18:37:17 | 请求 | 题1.1 [检验核对] 已发出（第 1/4 次，思考预算 4096）
2026-10-08 18:37:18 | 返回 | 题2.7 [题干转写] 用时 8s · 输入 1384 / 输出 82 / 思考 0
2026-10-08 18:37:18 | 请求 | 题2.7 [检验核对] 已发出（第 1/4 次，思考预算 4096）
2026-10-08 18:37:18 | 返回 | 题2.13 [题干转写] 用时 9s · 输入 1407 / 输出 98 / 思考 0
2026-10-08 18:37:18 | 请求 | 题2.13 [检验核对] 已发出（第 1/4 次，思考预算 4096）
2026-10-08 18:37:18 | 返回 | 题1.2 [题干转写] 用时 9s · 输入 1291 / 输出 19 / 思考 0
2026-10-08 18:37:18 | 请求 | 题1.2 [检验核对] 已发出（第 1/4 次，思考预算 4096）
2026-10-08 18:37:19 | 返回 | 题2.3 [题干转写] 用时 10s · 输入 1424 / 输出 91 / 思考 0
2026-10-08 18:37:19 | 请求 | 题2.3 [检验核对] 已发出（第 1/4 次，思考预算 4096）
2026-10-08 18:37:19 | 返回 | 题2.4 [题干转写] 用时 10s · 输入 1416 / 输出 138 / 思考 0
2026-10-08 18:37:19 | 请求 | 题2.4 [检验核对] 已发出（第 1/4 次，思考预算 4096）
2026-10-08 18:37:20 | 返回 | 题2.6 [题干转写] 用时 10s · 输入 1407 / 输出 166 / 思考 0
2026-10-08 18:37:20 | 请求 | 题2.6 [检验核对] 已发出（第 1/4 次，思考预算 4096）
2026-10-08 18:37:20 | 返回 | 题2.12 [题干转写] 用时 10s · 输入 1407 / 输出 101 / 思考 0
2026-10-08 18:37:20 | 请求 | 题2.12 [检验核对] 已发出（第 1/4 次，思考预算 4096）
2026-10-08 18:37:21 | 返回 | 题1.5 [题干转写] 用时 12s · 输入 1376 / 输出 16 / 思考 0
2026-10-08 18:37:21 | 请求 | 题1.5 [检验核对] 已发出（第 1/4 次，思考预算 4096）
2026-10-08 18:37:21 | 返回 | 题2.9 [题干转写] 用时 12s · 输入 1440 / 输出 239 / 思考 0
2026-10-08 18:37:21 | 请求 | 题2.9 [检验核对] 已发出（第 1/4 次，思考预算 4096）
2026-10-08 18:37:24 | 返回 | 题2.11 [题干转写] 用时 15s · 输入 1437 / 输出 171 / 思考 0
2026-10-08 18:37:24 | 请求 | 题2.11 [检验核对] 已发出（第 1/4 次，思考预算 4096）
2026-10-08 18:37:24 | 返回 | 题2.3 [检验核对] 用时 6s · 输入 1820 / 输出 11 / 思考 457
2026-10-08 18:37:24 | 请求 | 题2.16 [题干转写] 已发出（第 1/4 次，思考预算 2048）
2026-10-08 18:37:25 | 返回 | 题1.2 [检验核对] 用时 6s · 输入 1615 / 输出 11 / 思考 193
2026-10-08 18:37:25 | 请求 | 题2.17 [题干转写] 已发出（第 1/4 次，思考预算 2048）
2026-10-08 18:37:25 | 返回 | 题1.3 [题干转写] 用时 15s · 输入 1291 / 输出 6 / 思考 0
2026-10-08 18:37:25 | 请求 | 题1.3 [检验核对] 已发出（第 1/4 次，思考预算 4096）
2026-10-08 18:37:25 | 返回 | 题2.8 [题干转写] 用时 16s · 输入 1441 / 输出 132 / 思考 0
2026-10-08 18:37:25 | 请求 | 题2.8 [检验核对] 已发出（第 1/4 次，思考预算 4096）
2026-10-08 18:37:25 | 返回 | 题1.5 [检验核对] 用时 4s · 输入 1697 / 输出 11 / 思考 73
2026-10-08 18:37:25 | 请求 | 题2.18 [题干转写] 已发出（第 1/4 次，思考预算 2048）
2026-10-08 18:37:26 | 返回 | 题1.4 [题干转写] 用时 17s · 输入 1291 / 输出 17 / 思考 0
2026-10-08 18:37:26 | 请求 | 题1.4 [检验核对] 已发出（第 1/4 次，思考预算 4096）
2026-10-08 18:37:27 | 返回 | 题2.13 [检验核对] 用时 8s · 输入 1810 / 输出 11 / 思考 453
2026-10-08 18:37:27 | 请求 | 题2.19 [题干转写] 已发出（第 1/4 次，思考预算 2048）
2026-10-08 18:37:28 | 返回 | 题2.7 [检验核对] 用时 10s · 输入 1771 / 输出 125 / 思考 872
2026-10-08 18:37:28 | 请求 | 题2.20 [题干转写] 已发出（第 1/4 次，思考预算 2048）
2026-10-08 18:37:28 | 返回 | 题1.1 [检验核对] 用时 11s · 输入 1618 / 输出 11 / 思考 156
2026-10-08 18:37:28 | 提示 | text · 整理题干 1/184（导入的不花 token）
2026-10-08 18:37:28 | 请求 | 题2.21 [题干转写] 已发出（第 1/4 次，思考预算 2048）
2026-10-08 18:37:29 | 返回 | 题2.10 [检验核对] 用时 12s · 输入 1857 / 输出 11 / 思考 379
2026-10-08 18:37:29 | 返回 | 题2.6 [检验核对] 用时 9s · 输入 1878 / 输出 11 / 思考 726
2026-10-08 18:37:29 | 请求 | 题2.22 [题干转写] 已发出（第 1/4 次，思考预算 2048）
2026-10-08 18:37:29 | 返回 | 题2.14 [检验核对] 用时 14s · 输入 1846 / 输出 11 / 思考 645
2026-10-08 18:37:29 | 请求 | 题2.23 [题干转写] 已发出（第 1/4 次，思考预算 2048）
2026-10-08 18:37:31 | 返回 | 题2.9 [检验核对] 用时 9s · 输入 1984 / 输出 11 / 思考 1091
2026-10-08 18:37:31 | 请求 | 题2.24 [题干转写] 已发出（第 1/4 次，思考预算 2048）
2026-10-08 18:37:31 | 返回 | 题2.2 [检验核对] 用时 15s · 输入 1972 / 输出 11 / 思考 866
2026-10-08 18:37:31 | 请求 | 题2.25 [题干转写] 已发出（第 1/4 次，思考预算 2048）
2026-10-08 18:37:32 | 返回 | 题2.21 [题干转写] 用时 4s · 输入 1292 / 输出 10 / 思考 0
2026-10-08 18:37:32 | 请求 | 题2.21 [检验核对] 已发出（第 1/4 次，思考预算 4096）
2026-10-08 18:37:33 | 请求 | 题2.26 [题干转写] 已发出（第 1/4 次，思考预算 2048）
2026-10-08 18:37:33 | 返回 | 题2.17 [题干转写] 用时 8s · 输入 1287 / 输出 19 / 思考 0
2026-10-08 18:37:33 | 请求 | 题2.17 [检验核对] 已发出（第 1/4 次，思考预算 4096）
2026-10-08 18:37:35 | 返回 | 题1.4 [检验核对] 用时 9s · 输入 1613 / 输出 11 / 思考 203
2026-10-08 18:37:35 | 请求 | 题2.27 [题干转写] 已发出（第 1/4 次，思考预算 2048）
2026-10-08 18:37:36 | 返回 | 题2.18 [题干转写] 用时 11s · 输入 1361 / 输出 56 / 思考 0
2026-10-08 18:37:36 | 请求 | 题2.18 [检验核对] 已发出（第 1/4 次，思考预算 4096）
2026-10-08 18:37:38 | 返回 | 题2.4 [检验核对] 用时 19s · 输入 1859 / 输出 11 / 思考 634
2026-10-08 18:37:38 | 请求 | 题2.28 [题干转写] 已发出（第 1/4 次，思考预算 2048）
2026-10-08 18:37:39 | 返回 | 题1.3 [检验核对] 用时 14s · 输入 1602 / 输出 11 / 思考 47
2026-10-08 18:37:39 | 提示 | text · 整理题干 3/184（导入的不花 token）
2026-10-08 18:37:39 | 请求 | 题2.29 [题干转写] 已发出（第 1/4 次，思考预算 2048）
2026-10-08 18:37:39 | 返回 | 题2.11 [检验核对] 用时 15s · 输入 1913 / 输出 11 / 思考 614
2026-10-08 18:37:39 | 返回 | 题2.24 [题干转写] 用时 9s · 输入 1391 / 输出 73 / 思考 0
2026-10-08 18:37:39 | 请求 | 题2.24 [检验核对] 已发出（第 1/4 次，思考预算 4096）
2026-10-08 18:37:41 | 返回 | 题2.21 [检验核对] 用时 9s · 输入 1607 / 输出 11 / 思考 73
2026-10-08 18:37:41 | 请求 | 题2.30 [题干转写] 已发出（第 1/4 次，思考预算 2048）
2026-10-08 18:37:41 | 请求 | 题3.1 [题干转写] 已发出（第 1/4 次，思考预算 2048）
2026-10-08 18:37:42 | 返回 | 题2.12 [检验核对] 用时 22s · 输入 1813 / 输出 11 / 思考 447
2026-10-08 18:37:42 | 请求 | 题3.2 [题干转写] 已发出（第 1/4 次，思考预算 2048）
2026-10-08 18:37:43 | 返回 | 题2.20 [题干转写] 用时 15s · 输入 1393 / 输出 70 / 思考 0
2026-10-08 18:37:43 | 请求 | 题2.20 [检验核对] 已发出（第 1/4 次，思考预算 4096）
2026-10-08 18:37:43 | 返回 | 题2.27 [题干转写] 用时 8s · 输入 1292 / 输出 17 / 思考 0
2026-10-08 18:37:43 | 请求 | 题2.27 [检验核对] 已发出（第 1/4 次，思考预算 4096）
2026-10-08 18:37:44 | 返回 | 题2.17 [检验核对] 用时 11s · 输入 1611 / 输出 11 / 思考 116
2026-10-08 18:37:44 | 请求 | 题3.3 [题干转写] 已发出（第 1/4 次，思考预算 2048）
2026-10-08 18:37:44 | 返回 | 题2.30 [题干转写] 用时 3s · 输入 1425 / 输出 18 / 思考 0
2026-10-08 18:37:44 | 请求 | 题2.30 [检验核对] 已发出（第 1/4 次，思考预算 4096）
2026-10-08 18:37:46 | 返回 | 题2.22 [题干转写] 用时 17s · 输入 1397 / 输出 107 / 思考 0
2026-10-08 18:37:46 | 请求 | 题2.22 [检验核对] 已发出（第 1/4 次，思考预算 4096）
2026-10-08 18:37:46 | 返回 | 题2.15 [检验核对] 用时 31s · 输入 1875 / 输出 11 / 思考 574
2026-10-08 18:37:46 | 请求 | 题3.4 [题干转写] 已发出（第 1/4 次，思考预算 2048）
2026-10-08 18:37:46 | 返回 | 题2.24 [检验核对] 用时 7s · 输入 1769 / 输出 119 / 思考 388
2026-10-08 18:37:46 | 请求 | 题3.5 [题干转写] 已发出（第 1/4 次，思考预算 2048）
2026-10-08 18:37:47 | 返回 | 题2.26 [题干转写] 用时 14s · 输入 1429 / 输出 299 / 思考 0
2026-10-08 18:37:47 | 请求 | 题2.26 [检验核对] 已发出（第 1/4 次，思考预算 4096）
2026-10-08 18:37:47 | 返回 | 题2.8 [检验核对] 用时 22s · 输入 1878 / 输出 11 / 思考 559
2026-10-08 18:37:47 | 请求 | 题3.6 [题干转写] 已发出（第 1/4 次，思考预算 2048）
2026-10-08 18:37:48 | 返回 | 题2.18 [检验核对] 用时 11s · 输入 1722 / 输出 11 / 思考 367
2026-10-08 18:37:48 | 请求 | 题3.7 [题干转写] 已发出（第 1/4 次，思考预算 2048）
2026-10-08 18:37:48 | 返回 | 题3.2 [题干转写] 用时 6s · 输入 1384 / 输出 36 / 思考 0
2026-10-08 18:37:48 | 请求 | 题3.2 [检验核对] 已发出（第 1/4 次，思考预算 4096）
2026-10-08 18:37:49 | 返回 | 题3.5 [题干转写] 用时 2s · 输入 1286 / 输出 24 / 思考 0
2026-10-08 18:37:49 | 请求 | 题3.5 [检验核对] 已发出（第 1/4 次，思考预算 4096）
2026-10-08 18:37:49 | 返回 | 题3.4 [题干转写] 用时 3s · 输入 1286 / 输出 14 / 思考 0
2026-10-08 18:37:49 | 请求 | 题3.4 [检验核对] 已发出（第 1/4 次，思考预算 4096）
2026-10-08 18:37:50 | 返回 | 题3.7 [题干转写] 用时 2s · 输入 1276 / 输出 50 / 思考 0
2026-10-08 18:37:50 | 请求 | 题3.7 [检验核对] 已发出（第 1/4 次，思考预算 4096）
2026-10-08 18:37:51 | 返回 | 题2.25 [题干转写] 用时 20s · 输入 1447 / 输出 222 / 思考 0
2026-10-08 18:37:51 | 请求 | 题2.25 [检验核对] 已发出（第 1/4 次，思考预算 4096）
2026-10-08 18:37:52 | 返回 | 题3.2 [检验核对] 用时 4s · 输入 1725 / 输出 11 / 思考 183
2026-10-08 18:37:52 | 请求 | 题3.8 [题干转写] 已发出（第 1/4 次，思考预算 2048）
2026-10-08 18:37:54 | 返回 | 题2.28 [题干转写] 用时 16s · 输入 1407 / 输出 110 / 思考 0
2026-10-08 18:37:54 | 请求 | 题2.28 [检验核对] 已发出（第 1/4 次，思考预算 4096）
2026-10-08 18:37:54 | 返回 | 题3.3 [题干转写] 用时 10s · 输入 1286 / 输出 24 / 思考 0
2026-10-08 18:37:54 | 请求 | 题3.3 [检验核对] 已发出（第 1/4 次，思考预算 4096）
2026-10-08 18:37:54 | 返回 | 题2.16 [题干转写] 用时 30s · 输入 1385 / 输出 24 / 思考 0
2026-10-08 18:37:54 | 请求 | 题2.16 [检验核对] 已发出（第 1/4 次，思考预算 4096）
2026-10-08 18:37:55 | 返回 | 题2.19 [题干转写] 用时 28s · 输入 1393 / 输出 72 / 思考 0
2026-10-08 18:37:55 | 请求 | 题2.19 [检验核对] 已发出（第 1/4 次，思考预算 4096）
2026-10-08 18:37:55 | 返回 | 题3.1 [题干转写] 用时 14s · 输入 1400 / 输出 27 / 思考 0
2026-10-08 18:37:55 | 请求 | 题3.1 [检验核对] 已发出（第 1/4 次，思考预算 4096）
2026-10-08 18:37:56 | 返回 | 题2.29 [题干转写] 用时 18s · 输入 1385 / 输出 32 / 思考 0
2026-10-08 18:37:57 | 请求 | 题2.29 [检验核对] 已发出（第 1/4 次，思考预算 4096）
2026-10-08 18:37:57 | 返回 | 题2.20 [检验核对] 用时 14s · 输入 1768 / 输出 11 / 思考 292
2026-10-08 18:37:57 | 请求 | 题3.9 [题干转写] 已发出（第 1/4 次，思考预算 2048）
2026-10-08 18:37:57 | 返回 | 题3.6 [题干转写] 用时 10s · 输入 1392 / 输出 28 / 思考 0
2026-10-08 18:37:57 | 请求 | 题3.6 [检验核对] 已发出（第 1/4 次，思考预算 4096）
2026-10-08 18:37:58 | 返回 | 题2.30 [检验核对] 用时 13s · 输入 1748 / 输出 11 / 思考 126
2026-10-08 18:37:58 | 请求 | 题3.10 [题干转写] 已发出（第 1/4 次，思考预算 2048）
2026-10-08 18:37:58 | 返回 | 题3.3 [检验核对] 用时 4s · 输入 1615 / 输出 11 / 思考 136
2026-10-08 18:37:58 | 请求 | 题3.11 [题干转写] 已发出（第 1/4 次，思考预算 2048）
2026-10-08 18:37:58 | 返回 | 题3.5 [检验核对] 用时 10s · 输入 1593 / 输出 72 / 思考 348
2026-10-08 18:37:58 | 请求 | 题3.12 [题干转写] 已发出（第 1/4 次，思考预算 2048）
2026-10-08 18:37:58 | 返回 | 题2.27 [检验核对] 用时 15s · 输入 1614 / 输出 11 / 思考 168
2026-10-08 18:37:58 | 请求 | 题3.13 [题干转写] 已发出（第 1/4 次，思考预算 2048）
2026-10-08 18:38:00 | 返回 | 题2.29 [检验核对] 用时 3s · 输入 1722 / 输出 11 / 思考 136
2026-10-08 18:38:00 | 请求 | 题3.14 [题干转写] 已发出（第 1/4 次，思考预算 2048）
2026-10-08 18:38:00 | 返回 | 题2.28 [检验核对] 用时 6s · 输入 1822 / 输出 11 / 思考 503
2026-10-08 18:38:00 | 请求 | 题3.15 [题干转写] 已发出（第 1/4 次，思考预算 2048）
2026-10-08 18:38:00 | 返回 | 题3.6 [检验核对] 用时 3s · 输入 1725 / 输出 11 / 思考 153
2026-10-08 18:38:00 | 请求 | 题3.16 [题干转写] 已发出（第 1/4 次，思考预算 2048）
2026-10-08 18:38:00 | 返回 | 题2.16 [检验核对] 用时 6s · 输入 1714 / 输出 11 / 思考 101
2026-10-08 18:38:00 | 请求 | 题3.17 [题干转写] 已发出（第 1/4 次，思考预算 2048）
2026-10-08 18:38:01 | 返回 | 题3.4 [检验核对] 用时 11s · 输入 1605 / 输出 11 / 思考 122
2026-10-08 18:38:01 | 请求 | 题3.18 [题干转写] 已发出（第 1/4 次，思考预算 2048）
2026-10-08 18:38:02 | 返回 | 题2.1 [题干转写] 用时 52s · 输入 1386 / 输出 111 / 思考 0
2026-10-08 18:38:02 | 请求 | 题2.1 [检验核对] 已发出（第 1/4 次，思考预算 4096）
2026-10-08 18:38:02 | 返回 | 题2.22 [检验核对] 用时 16s · 输入 1809 / 输出 11 / 思考 599
2026-10-08 18:38:02 | 请求 | 题3.19 [题干转写] 已发出（第 1/4 次，思考预算 2048）
2026-10-08 18:38:03 | 返回 | 题2.23 [题干转写] 用时 34s · 输入 1453 / 输出 169 / 思考 0
2026-10-08 18:38:03 | 请求 | 题2.23 [检验核对] 已发出（第 1/4 次，思考预算 4096）
2026-10-08 18:38:05 | 返回 | 题3.7 [检验核对] 用时 15s · 输入 1631 / 输出 11 / 思考 526
2026-10-08 18:38:05 | 请求 | 题3.20 [题干转写] 已发出（第 1/4 次，思考预算 2048）
2026-10-08 18:38:05 | 返回 | 题2.26 [检验核对] 用时 18s · 输入 2033 / 输出 11 / 思考 1078
2026-10-08 18:38:05 | 返回 | 题2.19 [检验核对] 用时 11s · 输入 1770 / 输出 11 / 思考 292
2026-10-08 18:38:05 | 请求 | 题3.21 [题干转写] 已发出（第 1/4 次，思考预算 2048）
2026-10-08 18:38:06 | 返回 | 题3.10 [题干转写] 用时 8s · 输入 1393 / 输出 62 / 思考 0
2026-10-08 18:38:06 | 请求 | 题3.10 [检验核对] 已发出（第 1/4 次，思考预算 4096）
2026-10-08 18:38:07 | 返回 | 题3.1 [检验核对] 用时 11s · 输入 1732 / 输出 11 / 思考 114
2026-10-08 18:38:07 | 请求 | 题3.22 [题干转写] 已发出（第 1/4 次，思考预算 2048）
2026-10-08 18:38:07 | 返回 | 题3.8 [题干转写] 用时 15s · 输入 1306 / 输出 59 / 思考 0
2026-10-08 18:38:07 | 请求 | 题3.8 [检验核对] 已发出（第 1/4 次，思考预算 4096）
2026-10-08 18:38:08 | 返回 | 题2.5 [题干转写] 用时 58s · 输入 1406 / 输出 164 / 思考 0
2026-10-08 18:38:08 | 请求 | 题2.5 [检验核对] 已发出（第 1/4 次，思考预算 4096）
2026-10-08 18:38:08 | 返回 | 题3.21 [题干转写] 用时 2s · 输入 1393 / 输出 34 / 思考 0
2026-10-08 18:38:08 | 请求 | 题3.21 [检验核对] 已发出（第 1/4 次，思考预算 4096）
2026-10-08 18:38:09 | 返回 | 题3.16 [题干转写] 用时 8s · 输入 1377 / 输出 98 / 思考 0
2026-10-08 18:38:09 | 请求 | 题3.16 [检验核对] 已发出（第 1/4 次，思考预算 4096）
2026-10-08 18:38:09 | 请求 | 题3.23 [题干转写] 已发出（第 1/4 次，思考预算 2048）
2026-10-08 18:38:10 | 返回 | 题2.23 [检验核对] 用时 7s · 输入 1927 / 输出 11 / 思考 614
2026-10-08 18:38:10 | 请求 | 题3.24 [题干转写] 已发出（第 1/4 次，思考预算 2048）
2026-10-08 18:38:11 | 返回 | 题2.1 [检验核对] 用时 9s · 输入 1802 / 输出 11 / 思考 930
2026-10-08 18:38:11 | 提示 | text · 整理题干 6/184（导入的不花 token）
2026-10-08 18:38:11 | 请求 | 题3.25 [题干转写] 已发出（第 1/4 次，思考预算 2048）
2026-10-08 18:38:11 | 返回 | 题3.11 [题干转写] 用时 13s · 输入 1393 / 输出 63 / 思考 0
2026-10-08 18:38:11 | 请求 | 题3.11 [检验核对] 已发出（第 1/4 次，思考预算 4096）
2026-10-08 18:38:13 | 返回 | 题3.13 [题干转写] 用时 15s · 输入 1401 / 输出 68 / 思考 0
2026-10-08 18:38:13 | 请求 | 题3.13 [检验核对] 已发出（第 1/4 次，思考预算 4096）
2026-10-08 18:38:13 | 返回 | 题3.24 [题干转写] 用时 4s · 输入 1397 / 输出 197 / 思考 0
2026-10-08 18:38:13 | 请求 | 题3.24 [检验核对] 已发出（第 1/4 次，思考预算 4096）
2026-10-08 18:38:13 | 返回 | 题2.25 [检验核对] 用时 22s · 输入 1974 / 输出 11 / 思考 1345
2026-10-08 18:38:13 | 请求 | 题3.26 [题干转写] 已发出（第 1/4 次，思考预算 2048）
2026-10-08 18:38:14 | 返回 | 题3.8 [检验核对] 用时 7s · 输入 1670 / 输出 11 / 思考 313
2026-10-08 18:38:14 | 请求 | 题3.27 [题干转写] 已发出（第 1/4 次，思考预算 2048）
2026-10-08 18:38:15 | 返回 | 题3.15 [题干转写] 用时 14s · 输入 1357 / 输出 117 / 思考 0
2026-10-08 18:38:15 | 请求 | 题3.15 [检验核对] 已发出（第 1/4 次，思考预算 4096）
2026-10-08 18:38:15 | 返回 | 题3.23 [题干转写] 用时 6s · 输入 1387 / 输出 97 / 思考 0
2026-10-08 18:38:15 | 请求 | 题3.23 [检验核对] 已发出（第 1/4 次，思考预算 4096）
2026-10-08 18:38:17 | 返回 | 题3.17 [题干转写] 用时 16s · 输入 1397 / 输出 155 / 思考 0
2026-10-08 18:38:17 | 请求 | 题3.17 [检验核对] 已发出（第 1/4 次，思考预算 4096）
2026-10-08 18:38:19 | 返回 | 题3.25 [题干转写] 用时 8s · 输入 1292 / 输出 14 / 思考 0
2026-10-08 18:38:19 | 请求 | 题3.25 [检验核对] 已发出（第 1/4 次，思考预算 4096）
2026-10-08 18:38:19 | 返回 | 题3.26 [题干转写] 用时 6s · 输入 1385 / 输出 44 / 思考 0
2026-10-08 18:38:19 | 请求 | 题3.26 [检验核对] 已发出（第 1/4 次，思考预算 4096）
2026-10-08 18:38:20 | 返回 | 题3.10 [检验核对] 用时 14s · 输入 1760 / 输出 11 / 思考 354
2026-10-08 18:38:20 | 请求 | 题3.28 [题干转写] 已发出（第 1/4 次，思考预算 2048）
2026-10-08 18:38:20 | 返回 | 题3.12 [题干转写] 用时 22s · 输入 1401 / 输出 71 / 思考 0
2026-10-08 18:38:20 | 请求 | 题3.12 [检验核对] 已发出（第 1/4 次，思考预算 4096）
2026-10-08 18:38:20 | 返回 | 题3.20 [题干转写] 用时 15s · 输入 1385 / 输出 67 / 思考 0
2026-10-08 18:38:20 | 请求 | 题3.20 [检验核对] 已发出（第 1/4 次，思考预算 4096）
2026-10-08 18:38:21 | 返回 | 题3.21 [检验核对] 用时 13s · 输入 1732 / 输出 11 / 思考 168
2026-10-08 18:38:21 | 请求 | 题4.1 [题干转写] 已发出（第 1/4 次，思考预算 2048）
2026-10-08 18:38:22 | 返回 | 题3.16 [检验核对] 用时 13s · 输入 1728 / 输出 292 / 思考 897
2026-10-08 18:38:22 | 请求 | 题4.2 [题干转写] 已发出（第 1/4 次，思考预算 2048）
